{
  "cambios": [
    {
      "fecha": "2026-10-02",
      "segmento": "0DTE",
      "pares_comunes": 108,
      "fuera_0945": 42,
      "fuera_1000": 45,
      "persisten_mismo_signo": 16,
      "regresan_a_banda": 17,
      "cambian_signo_fuera": 9,
      "delta_abs_mediana": 0.9732517121552746,
      "cambio_supera_bandas": 31,
      "frescos_en_ambos": 72,
      "fraccion_persistente_condicional": 0.38095238095238093
    },
    {
      "fecha": "2026-10-02",
      "segmento": "plazo_mensual",
      "pares_comunes": 319,
      "fuera_0945": 132,
      "fuera_1000": 138,
      "persisten_mismo_signo": 35,
      "regresan_a_banda": 72,
      "cambian_signo_fuera": 25,
      "delta_abs_mediana": 2.4021660682556103,
      "cambio_supera_bandas": 72,
      "frescos_en_ambos": 219,
      "fraccion_persistente_condicional": 0.26515151515151514
    },
    {
      "fecha": "2026-10-05",
      "segmento": "0DTE",
      "pares_comunes": 91,
      "fuera_0945": 40,
      "fuera_1000": 32,
      "persisten_mismo_signo": 9,
      "regresan_a_banda": 22,
      "cambian_signo_fuera": 9,
      "delta_abs_mediana": 1.483305714806903,
      "cambio_supera_bandas": 17,
      "frescos_en_ambos": 79,
      "fraccion_persistente_condicional": 0.225
    },
    {
      "fecha": "2026-10-05",
      "segmento": "plazo_mensual",
      "pares_comunes": 216,
      "fuera_0945": 62,
      "fuera_1000": 55,
      "persisten_mismo_signo": 8,
      "regresan_a_banda": 47,
      "cambian_signo_fuera": 7,
      "delta_abs_mediana": 2.349970411763838,
      "cambio_supera_bandas": 21,
      "frescos_en_ambos": 43,
      "fraccion_persistente_condicional": 0.12903225806451613
    },
    {
      "fecha": "2026-10-06",
      "segmento": "0DTE",
      "pares_comunes": 87,
      "fuera_0945": 46,
      "fuera_1000": 48,
      "persisten_mismo_signo": 15,
      "regresan_a_banda": 22,
      "cambian_signo_fuera": 9,
      "delta_abs_mediana": 0.7576756505843321,
      "cambio_supera_bandas": 31,
      "frescos_en_ambos": 65,
      "fraccion_persistente_condicional": 0.32608695652173914
    },
    {
      "fecha": "2026-10-06",
      "segmento": "plazo_mensual",
      "pares_comunes": 270,
      "fuera_0945": 98,
      "fuera_1000": 85,
      "persisten_mismo_signo": 13,
      "regresan_a_banda": 68,
      "cambian_signo_fuera": 17,
      "delta_abs_mediana": 2.6160344219569183,
      "cambio_supera_bandas": 43,
      "frescos_en_ambos": 153,
      "fraccion_persistente_condicional": 0.1326530612244898
    }
  ],
  "sensibilidad": [
    {
      "escenario": "base",
      "segmento": "0DTE",
      "n": 591,
      "fuera": 260,
      "fraccion_fuera": 0.43993231810490696,
      "residuo_abs_mediana": 0.784564466646259,
      "multiplo_medio_ancho_mediana": 0.7579369202108048,
      "ancho_mediana": 1.3900000000000114,
      "edad_mediana": 5.723385999997845,
      "desfase_patas_mediana": 0.4690919999993639,
      "excluidos_estimacion": 1
    },
    {
      "escenario": "base",
      "segmento": "plazo_mensual",
      "n": 1624,
      "fuera": 575,
      "fraccion_fuera": 0.354064039408867,
      "residuo_abs_mediana": 1.8706905800912956,
      "multiplo_medio_ancho_mediana": 0.6467731464754529,
      "ancho_mediana": 5.530000000000017,
      "edad_mediana": 6.078269500001625,
      "desfase_patas_mediana": 0.5526964999990014,
      "excluidos_estimacion": 0
    },
    {
      "escenario": "edad10_gap2",
      "segmento": "0DTE",
      "n": 502,
      "fuera": 243,
      "fraccion_fuera": 0.48406374501992033,
      "residuo_abs_mediana": 0.6233301342704145,
      "multiplo_medio_ancho_mediana": 0.9310235138929097,
      "ancho_mediana": 1.2499999999999887,
      "edad_mediana": 5.643675499999517,
      "desfase_patas_mediana": 0.38093900000239955,
      "excluidos_estimacion": 4
    },
    {
      "escenario": "edad10_gap2",
      "segmento": "plazo_mensual",
      "n": 1219,
      "fuera": 449,
      "fraccion_fuera": 0.36833470057424117,
      "residuo_abs_mediana": 1.8085754395088145,
      "multiplo_medio_ancho_mediana": 0.6483654630817568,
      "ancho_mediana": 5.099999999999994,
      "edad_mediana": 5.851285999997344,
      "desfase_patas_mediana": 0.30176299999584444,
      "excluidos_estimacion": 0
    },
    {
      "escenario": "edad30_gap5",
      "segmento": "0DTE",
      "n": 542,
      "fuera": 252,
      "fraccion_fuera": 0.46494464944649444,
      "residuo_abs_mediana": 0.7011054888768715,
      "multiplo_medio_ancho_mediana": 0.8631006569769955,
      "ancho_mediana": 1.3250000000000017,
      "edad_mediana": 5.69984100000147,
      "desfase_patas_mediana": 0.4265294999968319,
      "excluidos_estimacion": 0
    },
    {
      "escenario": "edad30_gap5",
      "segmento": "plazo_mensual",
      "n": 1415,
      "fuera": 503,
      "fraccion_fuera": 0.35547703180212015,
      "residuo_abs_mediana": 1.805889782793571,
      "multiplo_medio_ancho_mediana": 0.6451572035737864,
      "ancho_mediana": 5.339000000000027,
      "edad_mediana": 6.00803299999825,
      "desfase_patas_mediana": 0.4219730000040727,
      "excluidos_estimacion": 0
    },
    {
      "escenario": "tasa_fija_3",
      "segmento": "0DTE",
      "n": 591,
      "fuera": 260,
      "fraccion_fuera": 0.43993231810490696,
      "residuo_abs_mediana": 0.7842230315569481,
      "multiplo_medio_ancho_mediana": 0.7575858439668322,
      "ancho_mediana": 1.3900000000000114,
      "edad_mediana": 5.723385999997845,
      "desfase_patas_mediana": 0.4690919999993639,
      "excluidos_estimacion": 1
    },
    {
      "escenario": "tasa_fija_3",
      "segmento": "plazo_mensual",
      "n": 1625,
      "fuera": 631,
      "fraccion_fuera": 0.3883076923076923,
      "residuo_abs_mediana": 2.025166336018742,
      "multiplo_medio_ancho_mediana": 0.6985748160467922,
      "ancho_mediana": 5.530000000000001,
      "edad_mediana": 6.07809200000338,
      "desfase_patas_mediana": 0.553937999997288,
      "excluidos_estimacion": 0
    },
    {
      "escenario": "tasa_fija_4",
      "segmento": "0DTE",
      "n": 591,
      "fuera": 260,
      "fraccion_fuera": 0.43993231810490696,
      "residuo_abs_mediana": 0.784564466646259,
      "multiplo_medio_ancho_mediana": 0.7579369202108048,
      "ancho_mediana": 1.3900000000000114,
      "edad_mediana": 5.723385999997845,
      "desfase_patas_mediana": 0.4690919999993639,
      "excluidos_estimacion": 1
    },
    {
      "escenario": "tasa_fija_4",
      "segmento": "plazo_mensual",
      "n": 1625,
      "fuera": 621,
      "fraccion_fuera": 0.3821538461538462,
      "residuo_abs_mediana": 1.953112620705312,
      "multiplo_medio_ancho_mediana": 0.6776177061739475,
      "ancho_mediana": 5.530000000000001,
      "edad_mediana": 6.07809200000338,
      "desfase_patas_mediana": 0.553937999997288,
      "excluidos_estimacion": 0
    },
    {
      "escenario": "tasa_fija_5",
      "segmento": "0DTE",
      "n": 591,
      "fuera": 260,
      "fraccion_fuera": 0.43993231810490696,
      "residuo_abs_mediana": 0.7859843461130822,
      "multiplo_medio_ancho_mediana": 0.7582879939526914,
      "ancho_mediana": 1.3900000000000114,
      "edad_mediana": 5.723385999997845,
      "desfase_patas_mediana": 0.4690919999993639,
      "excluidos_estimacion": 1
    },
    {
      "escenario": "tasa_fija_5",
      "segmento": "plazo_mensual",
      "n": 1625,
      "fuera": 614,
      "fraccion_fuera": 0.37784615384615383,
      "residuo_abs_mediana": 1.8959253515975547,
      "multiplo_medio_ancho_mediana": 0.6608166578398207,
      "ancho_mediana": 5.530000000000001,
      "edad_mediana": 6.07809200000338,
      "desfase_patas_mediana": 0.5536409999986063,
      "excluidos_estimacion": 0
    }
  ],
  "rr25": [
    {
      "fecha": "2026-10-02",
      "raiz": "SPXW",
      "cambio": 0.004019008778032074,
      "cambio_inferior": -0.18525007604914157,
      "cambio_superior": 0.19325110080477126,
      "intervalos_separados": false
    },
    {
      "fecha": "2026-10-02",
      "raiz": "SPY",
      "cambio": 0.10936521741182892,
      "cambio_inferior": -0.016615907696826415,
      "cambio_superior": 0.2353860941169832,
      "intervalos_separados": false
    },
    {
      "fecha": "2026-10-05",
      "raiz": "SPXW",
      "cambio": 0.052338619826895805,
      "cambio_inferior": -0.3515512958176341,
      "cambio_superior": 0.4555010166114677,
      "intervalos_separados": false
    },
    {
      "fecha": "2026-10-05",
      "raiz": "SPY",
      "cambio": 0.30673105660996436,
      "cambio_inferior": 0.042707525017629866,
      "cambio_superior": 0.5708914579069719,
      "intervalos_separados": true
    },
    {
      "fecha": "2026-10-06",
      "raiz": "SPXW",
      "cambio": 0.0566268998063415,
      "cambio_inferior": -0.19492640178801057,
      "cambio_superior": 0.3080092349789081,
      "intervalos_separados": false
    },
    {
      "fecha": "2026-10-06",
      "raiz": "SPY",
      "cambio": 0.1697030219744029,
      "cambio_inferior": -0.03510759204385394,
      "cambio_superior": 0.3740860694460819,
      "intervalos_separados": false
    }
  ]
}
